// Jest Snapshot v1, https://goo.gl/fbAQLP

exports[`<WelcomeScreen /> should render Alex 1`] = `
<div>
  Hello 
  Alex
   !
</div>
`;
