// Jest Snapshot v1, https://goo.gl/fbAQLP

exports[`<App /> should render Tom 1`] = `
<div>
  Hello 
  Tom
   !
</div>
`;
